// Jest Snapshot v1, https://goo.gl/fbAQLP

exports[`test GPU with interface SDL: GPU Version with ram & interface (snapshot): Manifest version matches expected result 1`] = `
Uint8Array [
  2,
  202,
  192,
  211,
  110,
  29,
  213,
  154,
  140,
  25,
  139,
  151,
  166,
  36,
  136,
  139,
  68,
  241,
  136,
  65,
  173,
  51,
  153,
  126,
  166,
  245,
  156,
  55,
  83,
  238,
  54,
  170,
]
`;
