// Jest Snapshot v1, https://goo.gl/fbAQLP

exports[`test GPU with interface SDL: GPU Version with ram & interface (snapshot): Manifest version matches expected result 1`] = `
Uint8Array [
  162,
  8,
  51,
  138,
  226,
  67,
  148,
  236,
  175,
  65,
  207,
  31,
  215,
  174,
  241,
  69,
  120,
  159,
  139,
  72,
  2,
  24,
  7,
  93,
  95,
  128,
  162,
  159,
  210,
  200,
  56,
  178,
]
`;
