// Jest Snapshot v1, https://goo.gl/fbAQLP

exports[`test sdl persistent storage SDL: Persistent Storage Manifest: SDL: Persistent Storage Manifest 1`] = `
[
  {
    "Name": "akash",
    "Services": [
      {
        "Args": null,
        "Command": null,
        "Count": 1,
        "Env": [
          "WORDPRESS_DB_HOST=db",
          "WORDPRESS_DB_USER=wordpress",
          "WORDPRESS_DB_PASSWORD=testpass4you",
          "WORDPRESS_DB_NAME=wordpress",
        ],
        "Expose": [
          {
            "EndpointSequenceNumber": 0,
            "ExternalPort": 0,
            "Global": true,
            "HTTPOptions": {
              "MaxBodySize": 104857600,
              "NextCases": [
                "error",
                "timeout",
              ],
              "NextTimeout": 0,
              "NextTries": 3,
              "ReadTimeout": 60000,
              "SendTimeout": 60000,
            },
            "Hosts": null,
            "IP": "",
            "Port": 80,
            "Proto": "TCP",
            "Service": "",
          },
        ],
        "Image": "wordpress",
        "Name": "wordpress",
        "Resources": {
          "cpu": {
            "units": {
              "val": "4000",
            },
          },
          "endpoints": null,
          "memory": {
            "size": {
              "val": 4294967296,
            },
          },
          "storage": [
            {
              "name": "default",
              "size": {
                "val": 4294967296,
              },
            },
            {
              "attributes": [
                {
                  "key": "class",
                  "value": "beta3",
                },
                {
                  "key": "persistent",
                  "value": "true",
                },
              ],
              "name": "wordpress-data",
              "size": {
                "val": 34359738368,
              },
            },
          ],
        },
        "params": {
          "Storage": [
            {
              "mount": "/var/www/html",
              "name": "wordpress-data",
              "readOnly": false,
            },
          ],
        },
      },
      {
        "Args": null,
        "Command": null,
        "Count": 1,
        "Env": [
          "MYSQL_RANDOM_ROOT_PASSWORD=1",
          "MYSQL_DATABASE=wordpress",
          "MYSQL_USER=wordpress",
          "MYSQL_PASSWORD=testpass4you",
        ],
        "Expose": [
          {
            "EndpointSequenceNumber": 0,
            "ExternalPort": 0,
            "Global": false,
            "HTTPOptions": {
              "MaxBodySize": 1048576,
              "NextCases": [
                "error",
                "timeout",
              ],
              "NextTimeout": 0,
              "NextTries": 3,
              "ReadTimeout": 60000,
              "SendTimeout": 60000,
            },
            "Hosts": null,
            "IP": "",
            "Port": 3306,
            "Proto": "TCP",
            "Service": "wordpress",
          },
          {
            "EndpointSequenceNumber": 0,
            "ExternalPort": 0,
            "Global": false,
            "HTTPOptions": {
              "MaxBodySize": 1048576,
              "NextCases": [
                "error",
                "timeout",
              ],
              "NextTimeout": 0,
              "NextTries": 3,
              "ReadTimeout": 60000,
              "SendTimeout": 60000,
            },
            "Hosts": null,
            "IP": "",
            "Port": 33060,
            "Proto": "TCP",
            "Service": "wordpress",
          },
        ],
        "Image": "mariadb:10.6.4",
        "Name": "db",
        "Resources": {
          "cpu": {
            "units": {
              "val": "1000",
            },
          },
          "endpoints": null,
          "memory": {
            "size": {
              "val": 1073741824,
            },
          },
          "storage": [
            {
              "name": "default",
              "size": {
                "val": 1073741824,
              },
            },
            {
              "attributes": [
                {
                  "key": "class",
                  "value": "beta3",
                },
                {
                  "key": "persistent",
                  "value": "true",
                },
              ],
              "name": "wordpress-db",
              "size": {
                "val": 8589934592,
              },
            },
            {
              "attributes": [
                {
                  "key": "class",
                  "value": "ram",
                },
                {
                  "key": "persistent",
                  "value": "false",
                },
              ],
              "name": "shm",
              "size": {
                "val": 1073741824,
              },
            },
          ],
        },
        "params": {
          "Storage": [
            {
              "mount": "/var/lib/mysql",
              "name": "wordpress-db",
              "readOnly": false,
            },
            {
              "mount": "/dev/shm",
              "name": "shm",
              "readOnly": false,
            },
          ],
        },
      },
    ],
  },
]
`;
